// Jest Snapshot v1, https://goo.gl/fbAQLP

exports[`Test for Home Page should render the Home Page 1`] = `
Object {
  "asFragment": [Function],
  "baseElement": <body>
    <div>
      <div>
        <header
          class="home-header"
        >
          <div
            class="logo"
          >
            <svg
              aria-hidden="true"
              class="MuiSvgIcon-root MuiSvgIcon-fontSizeMedium svg_icons css-i4bv87-MuiSvgIcon-root"
              data-testid="TravelExploreIcon"
              focusable="false"
              viewBox="0 0 24 24"
            >
              <path
                d="M19.3 16.9c.4-.7.7-1.5.7-2.4 0-2.5-2-4.5-4.5-4.5S11 12 11 14.5s2 4.5 4.5 4.5c.9 0 1.7-.3 2.4-.7l3.2 3.2 1.4-1.4-3.2-3.2zm-3.8.1c-1.4 0-2.5-1.1-2.5-2.5s1.1-2.5 2.5-2.5 2.5 1.1 2.5 2.5-1.1 2.5-2.5 2.5zM12 20v2C6.48 22 2 17.52 2 12S6.48 2 12 2c4.84 0 8.87 3.44 9.8 8h-2.07c-.64-2.46-2.4-4.47-4.73-5.41V5c0 1.1-.9 2-2 2h-2v2c0 .55-.45 1-1 1H8v2h2v3H9l-4.79-4.79C4.08 10.79 4 11.38 4 12c0 4.41 3.59 8 8 8z"
              />
            </svg>
          </div>
          <div
            class="search"
          >
             
            <input
              name="searchItem"
              placeholder="search for a country"
              type="text"
              value=""
            />
          </div>
        </header>
        <div
          class="countries-grid"
        >
          <button
            class="country"
            type="button"
          >
            <div
              class="image"
            >
              <img
                alt="Country Flag"
                class="country-img"
                src="https://upload.wikimedia.org/wikipedia/commons/5/5c/Flag_of_the_Taliban.svg"
              />
            </div>
            <div
              class="details"
            >
              <h2>
                Afghanistan
              </h2>
              <p>
                Population:
                <span
                  class="span"
                >
                  40218234
                </span>
              </p>
            </div>
          </button>
          <button
            class="country"
            type="button"
          >
            <div
              class="image"
            >
              <img
                alt="Country Flag"
                class="country-img"
                src="https://flagcdn.com/ax.svg"
              />
            </div>
            <div
              class="details"
            >
              <h2>
                Åland Islands
              </h2>
              <p>
                Population:
                <span
                  class="span"
                >
                  28875
                </span>
              </p>
            </div>
          </button>
        </div>
      </div>
    </div>
  </body>,
  "container": <div>
    <div>
      <header
        class="home-header"
      >
        <div
          class="logo"
        >
          <svg
            aria-hidden="true"
            class="MuiSvgIcon-root MuiSvgIcon-fontSizeMedium svg_icons css-i4bv87-MuiSvgIcon-root"
            data-testid="TravelExploreIcon"
            focusable="false"
            viewBox="0 0 24 24"
          >
            <path
              d="M19.3 16.9c.4-.7.7-1.5.7-2.4 0-2.5-2-4.5-4.5-4.5S11 12 11 14.5s2 4.5 4.5 4.5c.9 0 1.7-.3 2.4-.7l3.2 3.2 1.4-1.4-3.2-3.2zm-3.8.1c-1.4 0-2.5-1.1-2.5-2.5s1.1-2.5 2.5-2.5 2.5 1.1 2.5 2.5-1.1 2.5-2.5 2.5zM12 20v2C6.48 22 2 17.52 2 12S6.48 2 12 2c4.84 0 8.87 3.44 9.8 8h-2.07c-.64-2.46-2.4-4.47-4.73-5.41V5c0 1.1-.9 2-2 2h-2v2c0 .55-.45 1-1 1H8v2h2v3H9l-4.79-4.79C4.08 10.79 4 11.38 4 12c0 4.41 3.59 8 8 8z"
            />
          </svg>
        </div>
        <div
          class="search"
        >
           
          <input
            name="searchItem"
            placeholder="search for a country"
            type="text"
            value=""
          />
        </div>
      </header>
      <div
        class="countries-grid"
      >
        <button
          class="country"
          type="button"
        >
          <div
            class="image"
          >
            <img
              alt="Country Flag"
              class="country-img"
              src="https://upload.wikimedia.org/wikipedia/commons/5/5c/Flag_of_the_Taliban.svg"
            />
          </div>
          <div
            class="details"
          >
            <h2>
              Afghanistan
            </h2>
            <p>
              Population:
              <span
                class="span"
              >
                40218234
              </span>
            </p>
          </div>
        </button>
        <button
          class="country"
          type="button"
        >
          <div
            class="image"
          >
            <img
              alt="Country Flag"
              class="country-img"
              src="https://flagcdn.com/ax.svg"
            />
          </div>
          <div
            class="details"
          >
            <h2>
              Åland Islands
            </h2>
            <p>
              Population:
              <span
                class="span"
              >
                28875
              </span>
            </p>
          </div>
        </button>
      </div>
    </div>
  </div>,
  "debug": [Function],
  "findAllByAltText": [Function],
  "findAllByDisplayValue": [Function],
  "findAllByLabelText": [Function],
  "findAllByPlaceholderText": [Function],
  "findAllByRole": [Function],
  "findAllByTestId": [Function],
  "findAllByText": [Function],
  "findAllByTitle": [Function],
  "findByAltText": [Function],
  "findByDisplayValue": [Function],
  "findByLabelText": [Function],
  "findByPlaceholderText": [Function],
  "findByRole": [Function],
  "findByTestId": [Function],
  "findByText": [Function],
  "findByTitle": [Function],
  "getAllByAltText": [Function],
  "getAllByDisplayValue": [Function],
  "getAllByLabelText": [Function],
  "getAllByPlaceholderText": [Function],
  "getAllByRole": [Function],
  "getAllByTestId": [Function],
  "getAllByText": [Function],
  "getAllByTitle": [Function],
  "getByAltText": [Function],
  "getByDisplayValue": [Function],
  "getByLabelText": [Function],
  "getByPlaceholderText": [Function],
  "getByRole": [Function],
  "getByTestId": [Function],
  "getByText": [Function],
  "getByTitle": [Function],
  "queryAllByAltText": [Function],
  "queryAllByDisplayValue": [Function],
  "queryAllByLabelText": [Function],
  "queryAllByPlaceholderText": [Function],
  "queryAllByRole": [Function],
  "queryAllByTestId": [Function],
  "queryAllByText": [Function],
  "queryAllByTitle": [Function],
  "queryByAltText": [Function],
  "queryByDisplayValue": [Function],
  "queryByLabelText": [Function],
  "queryByPlaceholderText": [Function],
  "queryByRole": [Function],
  "queryByTestId": [Function],
  "queryByText": [Function],
  "queryByTitle": [Function],
  "rerender": [Function],
  "unmount": [Function],
}
`;
